{
 "rule": {
  "gamma": 1.5,
  "miss": 0.2,
  "max_matches": 11,
  "one_to_one": true
 },
 "tune_f_tight": 0.981935567547542,
 "f_beta": 0.9830557846175545,
 "f_tight": 0.9818585566502098,
 "est_public": 0.9746585566502098,
 "f_beta_singletons": 0.9852425558637291,
 "f_beta_matched": 0.9829255968716455,
 "pair_precision": 0.9972019097653615,
 "pair_recall": 0.9550613653362344,
 "v122_est_public": 0.9746585566502098,
 "v122_rule": {
  "gamma": 1.5,
  "miss": 0.2,
  "max_matches": 11,
  "one_to_one": true
 },
 "delta_vs_v122": 0.0
}
     gamma  miss  max_matches    f_beta   n_pred  pair_precision  pair_recall  match_rate
300    1.5  0.20           15  0.981936  1126181        0.997111     0.955131    0.941903
174    1.5  0.20           11  0.981936  1126181        0.997111     0.955131    0.941903
322    1.7  0.40           15  0.981935  1125362        0.997245     0.954566    0.941876
196    1.7  0.40           11  0.981935  1125362        0.997245     0.954566    0.941876
332    1.8  0.50           15  0.981934  1124931        0.997315     0.954267    0.941864
206    1.8  0.50           11  0.981934  1124931        0.997315     0.954267    0.941864
185    1.6  0.30           11  0.981924  1125752        0.997178     0.954832    0.941888
311    1.6  0.30           15  0.981924  1125752        0.997178     0.954832    0.941888
321    1.7  0.35           15  0.981923  1125242        0.997260     0.954478    0.941852
195    1.7  0.35           11  0.981923  1125242        0.997260     0.954478    0.941852
